#-----------------------------------------------------------
# Vivado v2025.1 (64-bit)
# SW Build 6140274 on Thu May 22 00:12:29 MDT 2025
# IP Build 6138677 on Thu May 22 03:10:11 MDT 2025
# SharedData Build 6139179 on Tue May 20 17:58:58 MDT 2025
# Start of session at: Wed Sep  3 15:21:55 2025
# Process ID         : 22732
# Current directory  : C:/Users/LeeEunseo/Documents/GitHub/KernelFiltering_FPGA/kernel_filtering/kernel_filtering.runs/synth_1
# Command line       : vivado.exe -log Top_Level.vds -product Vivado -mode batch -messageDb vivado.pb -notrace -source Top_Level.tcl
# Log file           : C:/Users/LeeEunseo/Documents/GitHub/KernelFiltering_FPGA/kernel_filtering/kernel_filtering.runs/synth_1/Top_Level.vds
# Journal file       : C:/Users/LeeEunseo/Documents/GitHub/KernelFiltering_FPGA/kernel_filtering/kernel_filtering.runs/synth_1\vivado.jou
# Running On         : DESKTOP-A3JVTPL
# Platform           : Windows Server 2016 or Windows 10
# Operating System   : 26100
# Processor Detail   : Intel(R) Core(TM) i7-14700K
# CPU Frequency      : 3418 MHz
# CPU Physical cores : 20
# CPU Logical cores  : 28
# Host memory        : 68422 MB
# Swap memory        : 4294 MB
# Total Virtual      : 72717 MB
# Available Virtual  : 49291 MB
#-----------------------------------------------------------
source Top_Level.tcl -notrace
