Copyright 1986-2022 Xilinx, Inc. All Rights Reserved. Copyright 2022-2025 Advanced Micro Devices, Inc. All Rights Reserved.
---------------------------------------------------------------------------------------------------------------------------------------------
| Tool Version : Vivado v.2025.1 (win64) Build 6140274 Thu May 22 00:12:29 MDT 2025
| Date         : Wed Sep  3 15:39:28 2025
| Host         : DESKTOP-A3JVTPL running 64-bit major release  (build 9200)
| Command      : report_control_sets -verbose -file Top_Level_control_sets_placed.rpt
| Design       : Top_Level
| Device       : xc7a100ti
---------------------------------------------------------------------------------------------------------------------------------------------

Control Set Information

Table of Contents
-----------------
1. Summary
2. Histogram
3. Flip-Flop Distribution
4. Detailed Control Set Information

1. Summary
----------

+----------------------------------------------------------+-------+
|                          Status                          | Count |
+----------------------------------------------------------+-------+
| Total control sets                                       |    26 |
|    Minimum number of control sets                        |    26 |
|    Addition due to synthesis replication                 |     0 |
|    Addition due to physical synthesis replication        |     0 |
| Unused register locations in slices containing registers |    88 |
+----------------------------------------------------------+-------+
* Control sets can be merged at opt_design using control_set_merge or merge_equivalent_drivers
** Run report_qor_suggestions for automated merging and remapping suggestions


2. Histogram
------------

+--------------------+-------+
|       Fanout       | Count |
+--------------------+-------+
| Total control sets |    26 |
| >= 0 to < 4        |     0 |
| >= 4 to < 6        |    19 |
| >= 6 to < 8        |     0 |
| >= 8 to < 10       |     0 |
| >= 10 to < 12      |     1 |
| >= 12 to < 14      |     0 |
| >= 14 to < 16      |     2 |
| >= 16              |     4 |
+--------------------+-------+
* Control sets can be remapped at either synth_design or opt_design


3. Flip-Flop Distribution
-------------------------

+--------------+-----------------------+------------------------+-----------------+--------------+
| Clock Enable | Synchronous Set/Reset | Asynchronous Set/Reset | Total Registers | Total Slices |
+--------------+-----------------------+------------------------+-----------------+--------------+
| No           | No                    | No                     |               4 |            4 |
| No           | No                    | Yes                    |              16 |            9 |
| No           | Yes                   | No                     |              44 |           19 |
| Yes          | No                    | No                     |              32 |            8 |
| Yes          | No                    | Yes                    |              10 |            5 |
| Yes          | Yes                   | No                     |             102 |           40 |
+--------------+-----------------------+------------------------+-----------------+--------------+


4. Detailed Control Set Information
-----------------------------------

+--------------------+-------------------------------------------------------+----------------------------------------+------------------+----------------+--------------+
|    Clock Signal    |                     Enable Signal                     |            Set/Reset Signal            | Slice Load Count | Bel Load Count | Bels / Slice |
+--------------------+-------------------------------------------------------+----------------------------------------+------------------+----------------+--------------+
|  clk_IBUF_BUFG     |                                                       |                                        |                4 |              4 |         1.00 |
|  clk_IBUF_BUFG     | Control_path/v1/b2/FSM_sequential_state[3]_i_1__0_n_0 | Control_path/v1/b2/rst                 |                2 |              4 |         2.00 |
|  clk_IBUF_BUFG     | Control_path/v1/b2/cc[3]_i_1__0_n_0                   | Control_path/v1/b2/rst                 |                1 |              4 |         4.00 |
|  clk_IBUF_BUFG     | Control_path/v1/b2/cu[3]_i_1__0_n_0                   | Control_path/v1/b2/rst                 |                2 |              4 |         2.00 |
|  clk_IBUF_BUFG     | Control_path/v1/b2/rb[3]_i_1__0_n_0                   | Control_path/v1/b2/rst                 |                2 |              4 |         2.00 |
|  clk_IBUF_BUFG     | Control_path/v1/b2/rc[3]_i_1__0_n_0                   | Control_path/v1/b2/rst                 |                3 |              4 |         1.33 |
|  clk_IBUF_BUFG     | Control_path/v1/b2/lc[3]_i_1__0_n_0                   | Control_path/v1/b2/rst                 |                4 |              4 |         1.00 |
|  clk_IBUF_BUFG     | Control_path/v1/b2/lu[3]_i_1__0_n_0                   | Control_path/v1/b2/rst                 |                1 |              4 |         4.00 |
|  clk_IBUF_BUFG     | Control_path/v1/b2/lb[3]_i_1__0_n_0                   | Control_path/v1/b2/rst                 |                1 |              4 |         4.00 |
|  clk_IBUF_BUFG     | Control_path/v1/b2/ru[3]_i_1__0_n_0                   | Control_path/v1/b2/rst                 |                1 |              4 |         4.00 |
|  clk_IBUF_BUFG     | Control_path/v1/b1/state__0[3]                        | Control_path/v1/b2/rst                 |                1 |              4 |         4.00 |
|  clk_IBUF_BUFG     | Control_path/v1/b1/cu[3]_i_1_n_0                      | Control_path/v1/b2/rst                 |                3 |              4 |         1.33 |
|  clk_IBUF_BUFG     | Control_path/v1/b1/cc[3]_i_1_n_0                      | Control_path/v1/b2/rst                 |                1 |              4 |         4.00 |
|  clk_IBUF_BUFG     | Control_path/v1/b1/lc[3]_i_1_n_0                      | Control_path/v1/b2/rst                 |                1 |              4 |         4.00 |
|  clk_IBUF_BUFG     | Control_path/v1/b1/rb[3]_i_1_n_0                      | Control_path/v1/b2/rst                 |                1 |              4 |         4.00 |
|  clk_IBUF_BUFG     | Control_path/v1/b1/lb[3]_i_1_n_0                      | Control_path/v1/b2/rst                 |                1 |              4 |         4.00 |
|  clk_IBUF_BUFG     | Control_path/v1/b1/lu[3]_i_1_n_0                      | Control_path/v1/b2/rst                 |                3 |              4 |         1.33 |
|  clk_IBUF_BUFG     | Control_path/v1/b1/rc[3]_i_1_n_0                      | Control_path/v1/b2/rst                 |                1 |              4 |         4.00 |
|  clk_IBUF_BUFG     | Control_path/v1/b1/ru[3]_i_1_n_0                      | Control_path/v1/b2/rst                 |                3 |              4 |         1.33 |
|  c25/inst/clk_out1 | Control_path/U1/U1/E[0]                               | Control_path/v1/b2/rst                 |                5 |             10 |         2.00 |
|  clk_IBUF_BUFG     | Control_path/v1/c1/done_reg_0                         | Control_path/v1/c2/addr[15]_i_1__0_n_0 |                4 |             15 |         3.75 |
|  clk_IBUF_BUFG     | Control_path/v1/c2/done_reg_0                         | Control_path/v1/c1/addr[15]_i_1_n_0    |                4 |             15 |         3.75 |
|  clk_IBUF_BUFG     | Control_path/v1/b2/ram_addr                           |                                        |                4 |             16 |         4.00 |
|  clk_IBUF_BUFG     | Control_path/v1/b1/ram_addr                           |                                        |                4 |             16 |         4.00 |
|  c25/inst/clk_out1 |                                                       | Control_path/v1/b2/rst                 |               10 |             30 |         3.00 |
|  clk_IBUF_BUFG     |                                                       | Control_path/v1/b2/rst                 |               18 |             30 |         1.67 |
+--------------------+-------------------------------------------------------+----------------------------------------+------------------+----------------+--------------+


